Microchip MPLAB XC8 Compiler V3.10

Linker command line:

-W-3 \
  --edf=C:\Program Files\Microchip\xc8\v3.10\pic\dat\20250813170317_en.msgs \
  -cn -h+dist/default/production\supersecretproject.X.production.sym \
  --cmf=dist/default/production\supersecretproject.X.production.cmf -z \
  -Q18F66K40 -oC:\Users\avila\AppData\Local\Temp\xcAsclg.0\driver_tmp_3.o \
  --defsym=__MPLAB_BUILD=1 --fixupoverflow=error \
  -Mdist/default/production/supersecretproject.X.production.map \
  --md=C:\Users\avila\AppData\Local\Temp\xcAsclg.0\driver_tmp_0.dat -E1 \
  -ver=XC8 Compiler -ACODE=00h-0FFFFh -ACONST=00h-0FFFFh \
  -ASMALLCONST=0E00h-0EFFhx242 -AMEDIUMCONST=0E00h-0FFFFh -ACOMRAM=01h-05Fh \
  -AABS1=00h-0DE9h -ABIGRAM=01h-0DE9h \
  -ARAM=060h-0FFh,0100h-01FFhx12,0D00h-0DE9h -ABANK0=060h-0FFh \
  -ABANK1=0100h-01FFh -ABANK2=0200h-02FFh -ABANK3=0300h-03FFh \
  -ABANK4=0400h-04FFh -ABANK5=0500h-05FFh -ABANK6=0600h-06FFh \
  -ABANK7=0700h-07FFh -ABANK8=0800h-08FFh -ABANK9=0900h-09FFh \
  -ABANK10=0A00h-0AFFh -ABANK11=0B00h-0BFFh -ABANK12=0C00h-0CFFh \
  -ABANK13=0D00h-0DE9h \
  -ASFR=0DEFh-0DFFh,0E00h-0EFFh,0F00h-0F5Fh,0F60h-0FFFh \
  -ABIGSFR=0DEFh-0FFFh -ACONFIG=0300000h-030000Bh -AIDLOC=0200000h-020000Fh \
  -AEEDATA=0310000h-03103FFh -peeprom_data=EEDATA \
  -preset_vec=00h,intcode=8h,intcodelo=18h,sivt_lo,sivt_hi=CODE \
  -ppowerup=CODE,init -pramtop=0E00h -psmallconst=SMALLCONST \
  -pmediumconst=MEDIUMCONST -pconst=CONST -AFARRAM=00h-00h \
  -prdata=COMRAM,nvrram=COMRAM,nvbit=COMRAM,rbss=COMRAM,rbit=COMRAM \
  -pfarbss=FARRAM,fardata=FARRAM,nvFARRAM=FARRAM \
  -pintsave_regs=BIGRAM,bigbss=BIGRAM,bigdata=BIGRAM -pbss=RAM \
  -pidata=CODE,irdata=CODE,ibigdata=CODE,ifardata=CODE -prparam=COMRAM \
  C:\Users\avila\AppData\Local\Temp\xcAsclg.0\driver_tmp_9.o \
  dist/default/production\supersecretproject.X.production.o 

Object code version is 3.11

Machine type is 18F66K40



                Name                               Link     Load   Length Selector   Space Scale
C:\Users\avila\AppData\Local\Temp\xcAsclg.0\driver_tmp_9.o
                config                           300000   300000        6        0       4
                init                                 32       32        4        4       0
                reset_vec                             0        0        4        0       0
dist/default/production\supersecretproject.X.production.o
                intcode                               8        8       2A        4       0
                config                           300000   300000        6        0       4
                smallconst                          E00      E00        2      700       0
                text14                             1772     1772       18      701       0
                text13                             15E0     15E0       68      701       0
                text12                             12B4     12B4       C0      701       0
                text11                             142E     142E       AE      701       0
                text10                             14DC     14DC       92      701       0
                text9                              1648     1648       3E      701       0
                text8                              1758     1758       1A      701       0
                text7                              16BC     16BC       32      701       0
                text6                              1374     1374       BA      701       0
                text5                              1718     1718       26      701       0
                text4                              178A     178A        4      701       0
                text3                              1686     1686       36      701       0
                text2                              16EE     16EE       2A      701       0
                text1                              156E     156E       72      701       0
                text0                               E02      E02      4B2      701       0
                cstackCOMRAM                          2        2       35        2       1
                bssCOMRAM                            37       37        F        2       1
                cinit                              173E     173E       1A      701       0

TOTAL           Name                               Link     Load   Length     Space
        CLASS   CODE           
                intcode                               8        8       2A         0
                init                                 32       32        4         0
                reset_vec                             0        0        4         0
                text14                             1772     1772       18         0
                text13                             15E0     15E0       68         0
                text12                             12B4     12B4       C0         0
                text11                             142E     142E       AE         0
                text10                             14DC     14DC       92         0
                text9                              1648     1648       3E         0
                text8                              1758     1758       1A         0
                text7                              16BC     16BC       32         0
                text6                              1374     1374       BA         0
                text5                              1718     1718       26         0
                text4                              178A     178A        4         0
                text3                              1686     1686       36         0
                text2                              16EE     16EE       2A         0
                text1                              156E     156E       72         0
                text0                               E02      E02      4B2         0
                cinit                              173E     173E       1A         0

        CLASS   CONST          

        CLASS   SMALLCONST     
                smallconst                          E00      E00        2         0

        CLASS   MEDIUMCONST    

        CLASS   COMRAM         
                cstackCOMRAM                          2        2       35         1
                bssCOMRAM                            37       37        F         1

        CLASS   ABS1           
                abs_s1                                1        1        1         1

        CLASS   BIGRAM         

        CLASS   RAM            

        CLASS   BANK0          

        CLASS   BANK1          

        CLASS   BANK2          

        CLASS   BANK3          

        CLASS   BANK4          

        CLASS   BANK5          

        CLASS   BANK6          

        CLASS   BANK7          

        CLASS   BANK8          

        CLASS   BANK9          

        CLASS   BANK10         

        CLASS   BANK11         

        CLASS   BANK12         

        CLASS   BANK13         

        CLASS   SFR            

        CLASS   BIGSFR         

        CLASS   CONFIG         
                config                           300000   300000        6         4

        CLASS   IDLOC          

        CLASS   EEDATA         

        CLASS   FARRAM         

        CLASS   HEAP           

        CLASS   STACK          



SEGMENTS        Name                           Load    Length   Top    Selector   Space  Class

                reset_vec                      000000  000004  000004         0       0  CODE    
                cstackCOMRAM                   000002  000044  000046         2       1  COMRAM  
                intcode                        000008  00002E  000036         4       0  CODE    
                smallconst                     000E00  000002  000E02       700       0  SMALLCON
                text0                          000E02  00098C  00178E       701       0  CODE    


UNUSED ADDRESS RANGES

        Name                Unused          Largest block    Delta
        BANK0            000060-0000FF               A0
        BANK1            000100-0001FF              100
        BANK10           000A00-000AFF              100
        BANK11           000B00-000BFF              100
        BANK12           000C00-000CFF              100
        BANK13           000D00-000DE9               EA
        BANK2            000200-0002FF              100
        BANK3            000300-0003FF              100
        BANK4            000400-0004FF              100
        BANK5            000500-0005FF              100
        BANK6            000600-0006FF              100
        BANK7            000700-0007FF              100
        BANK8            000800-0008FF              100
        BANK9            000900-0009FF              100
        BIGRAM           000046-000DE9              DA4
        BIGSFR           000DEF-000FFF              211
        CODE             000004-000007                4
                         000036-000DFF              DCA
                         00178E-00FFFF             E872
        COMRAM           000046-00005F               1A
        CONFIG           300006-30000B                6
        CONST            000004-000007                4
                         000036-000DFF              DCA
                         00178E-00FFFF             E872
        EEDATA           310000-3103FF              400
        IDLOC            200000-20000F               10
        MEDIUMCONST      00178E-00FFFF             E872
        RAM              000060-000DE9              100
        SFR              000DEF-000FFF              100
        SMALLCONST       00178E-00FFFF              100

                                  Symbol Table

?_ADC_ReadLDR                 cstackCOMRAM 000002
?_GetTotalMinutes             cstackCOMRAM 000002
?_Timer_GetTicks              cstackCOMRAM 000002
?___awdiv                     cstackCOMRAM 000002
?___awmod                     cstackCOMRAM 000002
?___lwdiv                     cstackCOMRAM 000002
ADC_ReadLDR@adc_result        cstackCOMRAM 000004
ADC_ReadLDR@timeout           cstackCOMRAM 000006
AdjustClock@minutes_to_adjust cstackCOMRAM 00000A
AdjustClock@total_minutes     cstackCOMRAM 00000E
LEDs_SetClockDisplay@hour     cstackCOMRAM 000003
LEDs_SetMainLight@state       cstackCOMRAM 000003
Timer_GetTicks@gie_save       cstackCOMRAM 00000A
Timer_GetTicks@ticks          cstackCOMRAM 000006
_ADACQ                        (abs)        000F5C
_ADCON0bits                   (abs)        000F60
_ADC_Init                     text14       001772
_ADC_ReadLDR                  text13       0015E0
_ADPCH                        (abs)        000F5F
_ADREF                        (abs)        000F58
_ADRESH                       (abs)        000F64
_ADRESL                       (abs)        000F63
_ANSELAbits                   (abs)        000E92
_ANSELFbits                   (abs)        000EB4
_AdjustClock                  text10       0014DC
_AdvanceTimeOneSecond         text9        001648
_GetTotalMinutes              text8        001758
_INTCONbits                   (abs)        000FF2
_ISR                          intcode      000008
_LATAbits                     (abs)        000F79
_LATBbits                     (abs)        000F7A
_LATFbits                     (abs)        000F7E
_LATGbits                     (abs)        000F7F
_LEDs_Init                    text7        0016BC
_LEDs_SetClockDisplay         text6        001374
_LEDs_SetMainLight            text5        001718
_LEDs_ToggleHeartbeat         text4        00178A
_PIE0bits                     (abs)        000E29
_PIR0bits                     (abs)        000E33
_T0CON0bits                   (abs)        000FD5
_T0CON1bits                   (abs)        000FD6
_TMR0H                        (abs)        000FD4
_TMR0L                        (abs)        000FD3
_TRISAbits                    (abs)        000F81
_TRISBbits                    (abs)        000F82
_TRISFbits                    (abs)        000F86
_TRISGbits                    (abs)        000F87
_Timer_GetTicks               text3        001686
_Timer_Init                   text2        0016EE
__HRAM                        (abs)        000000
__H__absolute__               __absolute__ 000000
__Habs1                       abs1         000000
__Hbank0                      bank0        000000
__Hbank1                      bank1        000000
__Hbank10                     bank10       000000
__Hbank11                     bank11       000000
__Hbank12                     bank12       000000
__Hbank13                     bank13       000000
__Hbank2                      bank2        000000
__Hbank3                      bank3        000000
__Hbank4                      bank4        000000
__Hbank5                      bank5        000000
__Hbank6                      bank6        000000
__Hbank7                      bank7        000000
__Hbank8                      bank8        000000
__Hbank9                      bank9        000000
__Hbigbss                     bigbss       000000
__Hbigdata                    bigdata      000000
__Hbigram                     bigram       000000
__Hbigsfr                     bigsfr       000000
__Hbss                        bss          000000
__HbssCOMRAM                  bssCOMRAM    000000
__Hcinit                      cinit        000000
__Hclrtext                    clrtext      000000
__Hcomram                     comram       000000
__Hconfig                     config       300006
__Hconst                      const        000000
__HcstackCOMRAM               cstackCOMRAM 000000
__Hdata                       data         000000
__Heeprom_data                eeprom_data  000000
__Hfarbss                     farbss       000000
__Hfardata                    fardata      000000
__Hheap                       heap         000000
__Hibigdata                   ibigdata     000000
__Hidata                      idata        000000
__Hidloc                      idloc        000000
__Hifardata                   ifardata     000000
__Hinit                       init         000036
__Hintcode                    intcode      000032
__Hintcode_body               intcode_body 000000
__Hintcodelo                  intcodelo    000018
__Hintentry                   intentry     000000
__Hintret                     intret       000000
__Hintsave_regs               intsave_regs 000000
__Hirdata                     irdata       000000
__Hmediumconst                mediumconst  000000
__HnvFARRAM                   nvFARRAM     000000
__Hnvbit                      nvbit        000000
__Hnvrram                     nvrram       000000
__Hparam                      rparam       000000
__Hpowerup                    powerup      000000
__Hram                        ram          000000
__Hramtop                     ramtop       000E00
__Hrbit                       rbit         000000
__Hrbss                       rbss         000000
__Hrdata                      rdata        000000
__Hreset_vec                  reset_vec    000004
__Hrparam                     rparam       000000
__Hsfr                        sfr          000000
__Hsivt_hi                    sivt_hi      000000
__Hsivt_lo                    sivt_lo      000018
__Hsmallconst                 smallconst   000E02
__Hspace_0                    (abs)        00178E
__Hspace_1                    (abs)        000046
__Hspace_2                    (abs)        000000
__Hspace_4                    (abs)        600006
__Hstack                      stack        000000
__Hstruct                     struct       000000
__Htemp                       temp         000000
__Htext                       text         000000
__Htext0                      text0        000000
__Htext1                      text1        000000
__Htext10                     text10       000000
__Htext11                     text11       000000
__Htext12                     text12       000000
__Htext13                     text13       000000
__Htext14                     text14       000000
__Htext2                      text2        000000
__Htext3                      text3        000000
__Htext4                      text4        000000
__Htext5                      text5        000000
__Htext6                      text6        000000
__Htext7                      text7        000000
__Htext8                      text8        000000
__Htext9                      text9        000000
__LRAM                        (abs)        000001
__L__absolute__               __absolute__ 000000
__Labs1                       abs1         000000
__Lbank0                      bank0        000000
__Lbank1                      bank1        000000
__Lbank10                     bank10       000000
__Lbank11                     bank11       000000
__Lbank12                     bank12       000000
__Lbank13                     bank13       000000
__Lbank2                      bank2        000000
__Lbank3                      bank3        000000
__Lbank4                      bank4        000000
__Lbank5                      bank5        000000
__Lbank6                      bank6        000000
__Lbank7                      bank7        000000
__Lbank8                      bank8        000000
__Lbank9                      bank9        000000
__Lbigbss                     bigbss       000000
__Lbigdata                    bigdata      000000
__Lbigram                     bigram       000000
__Lbigsfr                     bigsfr       000000
__Lbss                        bss          000000
__LbssCOMRAM                  bssCOMRAM    000000
__Lcinit                      cinit        000000
__Lclrtext                    clrtext      000000
__Lcomram                     comram       000000
__Lconfig                     config       000000
__Lconst                      const        000000
__LcstackCOMRAM               cstackCOMRAM 000000
__Ldata                       data         000000
__Leeprom_data                eeprom_data  000000
__Lfarbss                     farbss       000000
__Lfardata                    fardata      000000
__Lheap                       heap         000000
__Libigdata                   ibigdata     000000
__Lidata                      idata        000000
__Lidloc                      idloc        000000
__Lifardata                   ifardata     000000
__Linit                       init         000032
__Lintcode                    intcode      000008
__Lintcode_body               intcode_body 000000
__Lintcodelo                  intcodelo    000018
__Lintentry                   intentry     000000
__Lintret                     intret       000000
__Lintsave_regs               intsave_regs 000000
__Lirdata                     irdata       000000
__Lmediumconst                mediumconst  000000
__LnvFARRAM                   nvFARRAM     000000
__Lnvbit                      nvbit        000000
__Lnvrram                     nvrram       000000
__Lparam                      rparam       000000
__Lpowerup                    powerup      000000
__Lram                        ram          000000
__Lramtop                     ramtop       000E00
__Lrbit                       rbit         000000
__Lrbss                       rbss         000000
__Lrdata                      rdata        000000
__Lreset_vec                  reset_vec    000000
__Lrparam                     rparam       000000
__Lsfr                        sfr          000000
__Lsivt_hi                    sivt_hi      000000
__Lsivt_lo                    sivt_lo      000018
__Lsmallconst                 smallconst   000E00
__Lspace_0                    (abs)        000000
__Lspace_1                    (abs)        000000
__Lspace_2                    (abs)        000000
__Lspace_4                    (abs)        000000
__Lstack                      stack        000000
__Lstruct                     struct       000000
__Ltemp                       temp         000000
__Ltext                       text         000000
__Ltext0                      text0        000000
__Ltext1                      text1        000000
__Ltext10                     text10       000000
__Ltext11                     text11       000000
__Ltext12                     text12       000000
__Ltext13                     text13       000000
__Ltext14                     text14       000000
__Ltext2                      text2        000000
__Ltext3                      text3        000000
__Ltext4                      text4        000000
__Ltext5                      text5        000000
__Ltext6                      text6        000000
__Ltext7                      text7        000000
__Ltext8                      text8        000000
__Ltext9                      text9        000000
__S0                          (abs)        00178E
__S1                          (abs)        000046
__S4                          (abs)        000000
__S5                          (abs)        000000
___awdiv                      text12       0012B4
___awdiv@counter              cstackCOMRAM 000006
___awdiv@dividend             cstackCOMRAM 000002
___awdiv@divisor              cstackCOMRAM 000004
___awdiv@quotient             cstackCOMRAM 000008
___awdiv@sign                 cstackCOMRAM 000007
___awmod                      text11       00142E
___awmod@counter              cstackCOMRAM 000006
___awmod@dividend             cstackCOMRAM 000002
___awmod@divisor              cstackCOMRAM 000004
___awmod@sign                 cstackCOMRAM 000007
___heap_hi                    (abs)        000000
___heap_lo                    (abs)        000000
___inthi_sp                   stack        000000
___inthi_stack_hi             stack        000000
___inthi_stack_lo             stack        000000
___intlo_sp                   stack        000000
___intlo_stack_hi             stack        000000
___intlo_stack_lo             stack        000000
___lwdiv                      text1        00156E
___lwdiv@counter              cstackCOMRAM 000008
___lwdiv@dividend             cstackCOMRAM 000002
___lwdiv@divisor              cstackCOMRAM 000004
___lwdiv@quotient             cstackCOMRAM 000006
___param_bank                 (abs)        000000
___rparam_used                (abs)        000001
___sp                         stack        000000
___stack_hi                   stack        000000
___stack_lo                   stack        000000
__accesstop                   (abs)        000060
__activetblptr                (abs)        000002
__end_of_ADC_Init             text14       00178A
__end_of_ADC_ReadLDR          text13       001648
__end_of_AdjustClock          text10       00156E
__end_of_AdvanceTimeOneSecond text9        001686
__end_of_GetTotalMinutes      text8        001772
__end_of_ISR                  intcode      000032
__end_of_LEDs_Init            text7        0016EE
__end_of_LEDs_SetClockDisplay text6        00142E
__end_of_LEDs_SetMainLight    text5        00173E
__end_of_LEDs_ToggleHeartbeat text4        00178E
__end_of_Timer_GetTicks       text3        0016BC
__end_of_Timer_Init           text2        001718
__end_of___awdiv              text12       001374
__end_of___awmod              text11       0014DC
__end_of___lwdiv              text1        0015E0
__end_of__initialization      cinit        00174A
__end_of_main                 text0        0012B4
__initialization              cinit        00173E
__mediumconst                 smallconst   000E00
__pbssCOMRAM                  bssCOMRAM    000037
__pcinit                      cinit        00173E
__pcstackCOMRAM               cstackCOMRAM 000002
__pintcode                    intcode      000008
__psmallconst                 smallconst   000E00
__ptext0                      text0        000E02
__ptext1                      text1        00156E
__ptext10                     text10       0014DC
__ptext11                     text11       00142E
__ptext12                     text12       0012B4
__ptext13                     text13       0015E0
__ptext14                     text14       001772
__ptext2                      text2        0016EE
__ptext3                      text3        001686
__ptext4                      text4        00178A
__ptext5                      text5        001718
__ptext6                      text6        001374
__ptext7                      text7        0016BC
__ptext8                      text8        001758
__ptext9                      text9        001648
__ramtop                      ramtop       000E00
__smallconst                  smallconst   000E00
_g_dawn_time                  bssCOMRAM    00003B
_g_dusk_recorded              bssCOMRAM    000040
_g_dusk_time                  bssCOMRAM    00003D
_g_hours                      bssCOMRAM    000045
_g_is_dark                    bssCOMRAM    000041
_g_minutes                    bssCOMRAM    000044
_g_seconds                    bssCOMRAM    000043
_g_solar_state                bssCOMRAM    000042
_g_target_solar_midnight      bssCOMRAM    00003F
_main                         text0        000E02
_main$547                     cstackCOMRAM 000026
_main$549                     cstackCOMRAM 000027
_s_tick_count                 bssCOMRAM    000037
btemp                         (abs)        000001
btemp0                        (abs)        000001
btemp1                        (abs)        000002
end_of_initialization         cinit        00174A
int$flags                     (abs)        000001
intlevel0                     text         000000
intlevel1                     text         000000
intlevel2                     text         000000
intlevel3                     text         000000
isa$std                       (abs)        000001
isa$xinst                     (abs)        000000
main@day_duration             cstackCOMRAM 000014
main@day_hours                cstackCOMRAM 00002C
main@drift                    cstackCOMRAM 000035
main@half_night               cstackCOMRAM 000016
main@in_save_window           cstackCOMRAM 000024
main@initial_light            cstackCOMRAM 00002D
main@last_heartbeat           cstackCOMRAM 00001C
main@last_sensor              cstackCOMRAM 000018
main@last_tick                cstackCOMRAM 000020
main@light                    cstackCOMRAM 00002F
main@light_on                 cstackCOMRAM 000025
main@night_duration           cstackCOMRAM 000028
main@now                      cstackCOMRAM 000031
main@solar_midnight           cstackCOMRAM 00002A
stackhi                       (abs)        000000
stacklo                       (abs)        000000
start                         init         000032
start_initialization          cinit        00173E


MODULE INFORMATION

Module		Function		Class		Link	Load	Size
../new/Main.c
		_main          		CODE           	0E02	0000	1202
		_AdjustClock   		CODE           	14DC	0000	146
		_GetTotalMinutes		CODE           	1758	0000	26
		_AdvanceTimeOneSecond		CODE           	1648	0000	62

../new/Main.c estimated size: 1436

C:\Program Files\Microchip\xc8\v3.10\pic\sources\c99\common\awmod.c
		___awmod       		CODE           	142E	0000	174

C:\Program Files\Microchip\xc8\v3.10\pic\sources\c99\common\awmod.c estimated size: 174

../new/ADC.c
		_ADC_ReadLDR   		CODE           	15E0	0000	104
		_ADC_Init      		CODE           	1772	0000	24

../new/ADC.c estimated size: 128

../new/Timer.c
		_Timer_GetTicks		CODE           	1686	0000	54
		_Timer_Init    		CODE           	16EE	0000	42
		_ISR           		CODE           	0008	0000	42

../new/Timer.c estimated size: 138

C:\Program Files\Microchip\xc8\v3.10\pic\sources\c99\common\lwdiv.c
		___lwdiv       		CODE           	156E	0000	114

C:\Program Files\Microchip\xc8\v3.10\pic\sources\c99\common\lwdiv.c estimated size: 114

C:\Program Files\Microchip\xc8\v3.10\pic\sources\c99\common\awdiv.c
		___awdiv       		CODE           	12B4	0000	192

C:\Program Files\Microchip\xc8\v3.10\pic\sources\c99\common\awdiv.c estimated size: 192

shared
		__initialization		CODE           	173E	0000	12

shared estimated size: 12

../new/LEDS.c
		_LEDs_Init     		CODE           	16BC	0000	50
		_LEDs_ToggleHeartbeat		CODE           	178A	0000	4
		_LEDs_SetClockDisplay		CODE           	1374	0000	186
		_LEDs_SetMainLight		CODE           	1718	0000	38

../new/LEDS.c estimated size: 278

